{
    "starfusion - homo sapiens - paired end fastqs - stub": {
        "content": [
            {
                "0": [
                    [
                        {
                            "id": "test_starfusion",
                            "single_end": false
                        },
                        "star-fusion.fusion_predictions.tsv:md5,d41d8cd98f00b204e9800998ecf8427e"
                    ]
                ],
                "1": [
                    "versions.yml:md5,f83ea7b7236e727dd4b875343c1c8294"
                ],
                "fusions": [
                    [
                        {
                            "id": "test_starfusion",
                            "single_end": false
                        },
                        "star-fusion.fusion_predictions.tsv:md5,d41d8cd98f00b204e9800998ecf8427e"
                    ]
                ],
                "versions": [
                    "versions.yml:md5,f83ea7b7236e727dd4b875343c1c8294"
                ]
            }
        ],
        "meta": {
            "nf-test": "0.9.3",
            "nextflow": "25.10.0"
        },
        "timestamp": "2026-06-16T14:08:37.376115208"
    },
    "starfusion - homo sapiens - paired end fastqs": {
        "content": [
            [
                [
                    {
                        "id": "test_starfusion",
                        "single_end": false
                    },
                    "star-fusion.fusion_predictions.tsv:md5,09478e1d395bfebd0f62958b15842bb3"
                ]
            ],
            null,
            [
                "versions.yml:md5,f83ea7b7236e727dd4b875343c1c8294"
            ],
            [
                
            ]
        ],
        "meta": {
            "nf-test": "0.9.3",
            "nextflow": "25.10.0"
        },
        "timestamp": "2026-06-16T14:04:33.552590014"
    },
    "starfusion - homo sapiens - single end fastqs - stub": {
        "content": [
            {
                "0": [
                    [
                        {
                            "id": "test_starfusion",
                            "single_end": false
                        },
                        "star-fusion.fusion_predictions.tsv:md5,d41d8cd98f00b204e9800998ecf8427e"
                    ]
                ],
                "1": [
                    "versions.yml:md5,f83ea7b7236e727dd4b875343c1c8294"
                ],
                "fusions": [
                    [
                        {
                            "id": "test_starfusion",
                            "single_end": false
                        },
                        "star-fusion.fusion_predictions.tsv:md5,d41d8cd98f00b204e9800998ecf8427e"
                    ]
                ],
                "versions": [
                    "versions.yml:md5,f83ea7b7236e727dd4b875343c1c8294"
                ]
            }
        ],
        "meta": {
            "nf-test": "0.9.3",
            "nextflow": "25.10.0"
        },
        "timestamp": "2026-06-25T13:31:11.171172292"
    },
    "starfusion - homo sapiens - single end fastqs": {
        "content": [
            [
                [
                    {
                        "id": "test_starfusion",
                        "single_end": false
                    },
                    "star-fusion.fusion_predictions.tsv:md5,1c817f93e4aa9a9c78d3ce3d08e63068"
                ]
            ],
            null,
            [
                "versions.yml:md5,f83ea7b7236e727dd4b875343c1c8294"
            ],
            [
                
            ]
        ],
        "meta": {
            "nf-test": "0.9.3",
            "nextflow": "25.10.0"
        },
        "timestamp": "2026-06-16T14:08:22.162385531"
    }
}