{
    "-profile test": {
        "content": [
            [
                "test_sample",
                "test_sample/fusions.csv",
                "test_sample/fusions.pass.csv",
                "version_info",
                "version_info/easyfuse_software_versions.yml"
            ],
            [
                "easyfuse_software_versions.yml:md5,b68ab937c4afed8a34aa9741a0582802"
            ]
        ],
        "meta": {
            "nf-test": "0.9.3",
            "nextflow": "25.10.0"
        },
        "timestamp": "2026-08-18T21:18:07.806777591"
    }
}