{
    "star align - homo_sapiens - paired_end - stub": {
        "content": [
            [
                [
                    {
                        "id": "test_star_align"
                    },
                    "test_star_align.bam:md5,d41d8cd98f00b204e9800998ecf8427e"
                ]
            ],
            [
                [
                    {
                        "id": "test_star_align"
                    },
                    "test_star_align.Chimeric.out.junction:md5,d41d8cd98f00b204e9800998ecf8427e"
                ]
            ]
        ],
        "meta": {
            "nf-test": "0.9.3",
            "nextflow": "25.10.0"
        },
        "timestamp": "2026-06-16T10:47:36.223356256"
    },
    "star align - homo_sapiens - paired_end": {
        "content": [
            [
                [
                    {
                        "id": "test_star_align"
                    },
                    "test_star_align.bam:md5,7c386f110fe920db49c79519f893d8df"
                ]
            ],
            [
                [
                    {
                        "id": "test_star_align"
                    },
                    "test_star_align.Chimeric.out.junction:md5,efbfbf12a8a236f9dbc759bc88a0f398"
                ]
            ]
        ],
        "meta": {
            "nf-test": "0.9.3",
            "nextflow": "25.10.0"
        },
        "timestamp": "2026-08-18T21:19:58.801738159"
    }
}